-0x1.0000000000000p+00x1.0000000000000p+0-0x1.0000000000000p+0-0x1.0000000000000p+0