Zadejte vaši operaci (+,-,*,/) nebo e pro ukončení:Zadejte číslo 1:
Zadejte číslo 2:
Váš výsledek: 26
Zadejte vaši operaci (+,-,*,/) nebo e pro ukončení:Zadejte číslo 1:
Zadejte číslo 2:
Váš výsledek: 12
Zadejte vaši operaci (+,-,*,/) nebo e pro ukončení:Zadejte číslo 1:
Zadejte číslo 2:
Váš výsledek: 30
Zadejte vaši operaci (+,-,*,/) nebo e pro ukončení:Zadejte číslo 1:
Zadejte číslo 2:
Váš výsledek: 5
Zadejte vaši operaci (+,-,*,/) nebo e pro ukončení: